// Jest Snapshot v1, https://goo.gl/fbAQLP

exports[`Should render Header component correctly 1`] = `
<DocumentFragment>
  <header
    class="header"
  >
    <div
      class="header__logout-button-container"
    >
      <button
        class="header__logout-button"
        data-testid="logout-button"
      >
        Logout
      </button>
    </div>
    <h1
      class="header__title"
    >
      Todo List
    </h1>
  </header>
</DocumentFragment>
`;
