// Jest Snapshot v1, https://goo.gl/fbAQLP

exports[`Should render NewItem component correctly 1`] = `
<DocumentFragment>
  <div
    class="form-container"
  >
    <form
      class="form"
      data-testid="form"
    >
      <div>
        <input
          data-testid="input"
          maxlength="75"
          placeholder="Add Something To do later!"
          type="text"
          value=""
        />
        <abbr
          title="Add Task ToDo"
        >
          <button>
            +
          </button>
        </abbr>
      </div>
    </form>
  </div>
</DocumentFragment>
`;
